openswap blocklist::tests::add_rejects_all_entries_when_any_address_is_invalid
openswap blocklist::tests::add_update_remove_round_trip
openswap blocklist::tests::concurrent_adds_preserve_every_entry
openswap blocklist::tests::malformed_file_returns_error_instead_of_empty_blocklist
openswap maker::api::lightning_config_tests::lightning_settings_absent_by_default
openswap maker::api::lightning_config_tests::lightning_settings_round_trip_through_the_config_file
openswap maker::api::tests::advertised_min_swap_is_the_smallest_passing_round_amount
openswap maker::api::tests::init_rejects_zero_required_confirms
openswap maker::api::tests::maker_config_checks_file_values
openswap maker::api::tests::maker_config_rejects_fidelity_amount_below_the_discovery_floor
openswap maker::api::tests::maker_init_refuses_bad_fee_pcts
openswap maker::api::tests::shutdown_join_releases_pool_lock_and_drains_late_child
openswap maker::api::tests::shutdown_signal_latches_request_and_rearms_backend_after_joins
openswap maker::handlers::tests::incoming_must_match_the_declared_swap_amount
openswap maker::handlers::tests::legacy_refund_deadline_counts_from_funding_confirmation
openswap maker::handlers::tests::legacy_without_funding_confirmation_has_no_deadline
openswap maker::handlers::tests::mismatched_swap_id_is_rejected
openswap maker::handlers::tests::offset_below_reaction_time_is_rejected
openswap maker::handlers::tests::taproot_refund_deadline_is_exact_at_the_boundary
openswap maker::legacy_verification::tests::locktime_that_overflows_the_refund_step_is_rejected
openswap maker::legacy_verification::tests::normal_locktime_is_accepted
openswap maker::rpc::server::tests::rpc_cookie_is_random_and_authenticated
openswap maker::rpc::server::tests::send_to_address_clears_the_relay_floor_over_rpc
openswap maker::rpc::server::tests::send_to_address_rejects_unusable_rates_over_rpc
openswap maker::server::tests::established_connections_are_bounded
openswap maker::server::tests::heartbeat_admission_rejects_throttles_and_promotes
openswap maker::server::tests::pending_connections_are_bounded
openswap maker::server::tests::pending_deadline_stops_slow_reads
openswap maker::server::tests::token_bucket_limits_connection_burst
openswap maker::swap_tracker::tests::test_atomic_write_creates_no_tmp_on_success
openswap maker::swap_tracker::tests::test_load_or_create_empty
openswap maker::swap_tracker::tests::test_phase_ordering
openswap maker::swap_tracker::tests::test_recovered_with_cleanup_not_in_incomplete
openswap maker::swap_tracker::tests::test_recovered_without_cleanup_in_incomplete
openswap maker::swap_tracker::tests::test_recovery_phase_ordering
openswap maker::swap_tracker::tests::test_save_and_reload
openswap maker::taproot_verification::tests::rejects_amount_that_does_not_match_contract_output
openswap maker::taproot_verification::tests::rejects_duplicate_contract_outpoints
openswap maker::taproot_verification::tests::rejects_hashlock_script_with_wrong_template
openswap maker::taproot_verification::tests::rejects_self_consistent_wrong_internal_key
openswap maker::taproot_verification::tests::rejects_tap_tweak_that_does_not_match_script_tree
openswap maker::taproot_verification::tests::rejects_timelock_script_with_wrong_template
openswap protocol::contract::test::calculate_swap_fee_normal
openswap protocol::contract::test::claimed_amounts_above_the_cap_are_rejected_before_summing
openswap protocol::contract::test::contract_tx_rejects_funding_below_the_fee
openswap protocol::contract::test::sender_contract_rejects_dust_outputs
openswap protocol::contract::test::short_multisig_redeemscript_is_rejected
openswap protocol::contract::test::test_apply_two_signatures_to_2of2_multisig_spend
openswap protocol::contract::test::test_check_hashlock_has_pubkey
openswap protocol::contract::test::test_check_hashvalues_are_equal
openswap protocol::contract::test::test_check_multisig_has_pubkey
openswap protocol::contract::test::test_check_reedemscript_is_multisig
openswap protocol::contract::test::test_contract_script_generation
openswap protocol::contract::test::test_contract_sig_validation
openswap protocol::contract::test::test_contract_tx_fee_at_non_floor_rate
openswap protocol::contract::test::test_contract_tx_miscellaneous
openswap protocol::contract::test::test_create_senders_contract_tx_exact_fee_deduction
openswap protocol::contract::test::test_find_funding_output
openswap protocol::contract::test::test_maker_pubkey_computation
openswap protocol::contract::test::test_maker_pubkey_nonce_derviation
openswap protocol::contract::test::test_pubkey_extraction_from_2of2_multisig
openswap protocol::contract::test::test_read_hashlock_pubkey_from_contract
openswap protocol::lightning_messages::tests::lightning_offer_field_is_forward_and_backward_compatible
openswap protocol::lightning_messages::tests::new_top_level_variants_round_trip
openswap security::tests::decrypts_legacy_ciphertext_using_material_nonce
openswap security::tests::encryption_rotates_nonce_for_same_key_material
openswap taker::api::tests::init_taker_config_persists_lightning_settings
openswap taker::background_services::tests::dead_keepalive_socket_is_dropped_and_retried_immediately
openswap taker::background_services::tests::stalled_handshake_is_bounded_by_the_dial_timeout
openswap taker::background_services::tests::unreachable_peer_backs_off_instead_of_being_dropped
openswap taker::config::tests::lightning_settings_absent_by_default
openswap taker::config::tests::lightning_settings_round_trip_through_the_config_file
openswap taker::config::tests::test_different_data
openswap taker::config::tests::test_incorrect_data_type
openswap taker::config::tests::test_missing_fields
openswap taker::config::tests::test_missing_file
openswap taker::config::tests::test_valid_config
openswap taker::offers::tests::a_ban_is_never_pruned_or_polled
openswap taker::offers::tests::a_ban_is_terminal_and_persists
openswap taker::offers::tests::a_ban_is_visible_by_address_wherever_it_sits
openswap taker::offers::tests::a_corrupt_offerbook_is_kept_and_never_overwritten
openswap taker::offers::tests::a_violation_clears_the_suppression_record
openswap taker::offers::tests::an_unpriceable_offer_does_not_ban_its_maker
openswap taker::offers::tests::backend_down_leaves_maker_state_unchanged
openswap taker::offers::tests::backend_outage_does_not_consume_recovery_probe
openswap taker::offers::tests::bond_failures_split_into_recoverable_and_proven
openswap taker::offers::tests::changed_bond_or_manual_poll_bypasses_suppression
openswap taker::offers::tests::discovery_replaces_spent_bond_metadata
openswap taker::offers::tests::draining_sync_requests_preserves_polls_and_removals
openswap taker::offers::tests::expired_bond_removes_its_suppression_record
openswap taker::offers::tests::failed_offerbook_write_preserves_existing_file
openswap taker::offers::tests::fidelity_candidate_transitions_enforce_one_live_bond
openswap taker::offers::tests::groups_distinct_live_bonds_for_one_address_as_conflicted
openswap taker::offers::tests::legacy_candidate_fields_deserialize_and_backfill
openswap taker::offers::tests::legacy_states_migrate_without_inventing_evidence
openswap taker::offers::tests::maker_address_try_from_uses_strict_validation
openswap taker::offers::tests::maker_fee_ranking_includes_all_components_and_breaks_ties_by_address
openswap taker::offers::tests::maker_states_read_as_plain_words
openswap taker::offers::tests::makers_to_poll_requires_current_fidelity_and_respects_backoff
openswap taker::offers::tests::manual_offer_does_not_gain_a_registry_outpoint
openswap taker::offers::tests::manual_poll_preserves_suppression_evidence
openswap taker::offers::tests::mark_failure_keeps_one_unbroken_run
openswap taker::offers::tests::mark_success_clears_an_unavailable_state
openswap taker::offers::tests::offerbook_load_removes_invalid_persisted_addresses
openswap taker::offers::tests::offered_fidelity_outpoint_must_match_discovery
openswap taker::offers::tests::only_a_manual_delete_lifts_a_ban
openswap taker::offers::tests::removal_clears_the_suppression_record_too
openswap taker::offers::tests::removal_falls_back_when_sync_is_busy_or_stopped
openswap taker::offers::tests::removal_reports_an_entry_removed_during_the_request
openswap taker::offers::tests::same_bond_discovery_cannot_bypass_cooldown
openswap taker::offers::tests::spent_fidelity_removal_persists_and_can_be_restored_after_reorg
openswap taker::offers::tests::stale_pruning_is_inclusive_and_uses_the_right_age_anchor
openswap taker::offers::tests::suppression_carries_the_failure_run_back
openswap taker::offers::tests::suppression_state_round_trips_and_missing_map_defaults
openswap taker::offers::tests::sync_removes_cached_fidelity_without_exact_registry_match
openswap taker::offers::tests::timed_sync_uses_current_book_when_ack_is_missing
openswap taker::payment::tests::confiscatory_fee_schedule_is_rejected
openswap taker::payment::tests::dust_floor_scales_with_the_declared_tx_count
openswap taker::payment::tests::hop_solve_round_trips_exactly
openswap taker::payment::tests::route_solve_matches_forward_replay
openswap taker::payment::tests::settlement_outputs_refuse_what_dust_cannot_absorb
openswap taker::payment::tests::settlement_outputs_split_the_budget_and_shave_the_surplus
openswap taker::payment::tests::swap_feerate_returns_the_configured_rate
openswap taker::swap_tracker::tests::legacy_proof_sent_only_for_a_legacy_swap_with_pof
openswap taker::swap_tracker::tests::recovery_scope_contains_only_unresolved_failed_swaps
openswap taker::swap_tracker::tests::test_atomic_write_creates_no_tmp_on_success
openswap taker::swap_tracker::tests::test_completed_not_in_incomplete
openswap taker::swap_tracker::tests::test_failed_with_cleanup_not_in_incomplete
openswap taker::swap_tracker::tests::test_failed_without_cleanup_in_incomplete
openswap taker::swap_tracker::tests::test_load_or_create_empty
openswap taker::swap_tracker::tests::test_phase_ordering
openswap taker::swap_tracker::tests::test_recovery_phase_ordering
openswap taker::swap_tracker::tests::test_remove_record
openswap taker::swap_tracker::tests::test_save_and_reload
openswap taker::swap_tracker::tests::test_serializable_secret_key
openswap taker::swap_tracker::tests::test_update_and_save
openswap taker::taproot_verification::tests::rejects_wrong_internal_key
openswap utill::tests::capped_fee_steps_down_until_the_output_relays
openswap utill::tests::fee_at_rate_sats_rounds_fractional_rates_up
openswap utill::tests::test_generate_maker_keys
openswap utill::tests::test_hd_path_from_descriptor
openswap utill::tests::test_hd_path_from_descriptor_failure_cases
openswap utill::tests::test_hd_path_from_descriptor_gets_none
openswap utill::tests::test_parse_checked_address_accepts_valid_mainnet
openswap utill::tests::test_parse_checked_address_bech32_valid_mainnet
openswap utill::tests::test_parse_checked_address_bech32_wrong_network
openswap utill::tests::test_parse_checked_address_invalid_and_wrong_network_produce_different_errors
openswap utill::tests::test_parse_checked_address_rejects_address_with_invalid_chars
openswap utill::tests::test_parse_checked_address_rejects_completely_invalid_string
openswap utill::tests::test_parse_checked_address_rejects_empty_string
openswap utill::tests::test_parse_checked_address_rejects_testnet_on_mainnet
openswap utill::tests::test_parse_checked_address_rejects_truncated_address
openswap utill::tests::test_parse_checked_address_rejects_wrong_network_mainnet_on_regtest
openswap utill::tests::test_parse_checked_address_rejects_wrong_network_mainnet_on_testnet
openswap utill::tests::test_read_message_rejects_oversized_payload
openswap utill::tests::test_redeemscript_to_scriptpubkey_1of2musig
openswap utill::tests::test_redeemscript_to_scriptpubkey_custom
openswap utill::tests::test_redeemscript_to_scriptpubkey_p2pkh
openswap utill::tests::test_send_message
openswap wallet::api::coin_select_cap_tests::coin_select_rejects_amounts_above_the_cap
openswap wallet::api::legacy_recovery_tests::test_electrum_tx_block_height_rejects_mismatched_txid
openswap wallet::api::legacy_recovery_tests::test_ensure_contract_maker_signed_legacy_with_unknown_funding_is_not_yet
openswap wallet::api::legacy_recovery_tests::test_ensure_contract_unsigned_legacy_with_funding_tx_in_mempool_is_not_yet
openswap wallet::api::legacy_recovery_tests::test_ensure_contract_unsigned_legacy_with_mismatched_parent_tx_is_not_yet
openswap wallet::api::legacy_recovery_tests::test_ensure_contract_unsigned_legacy_with_no_funding_tx_and_mismatched_parent_tx_is_not_yet
openswap wallet::api::legacy_recovery_tests::test_ensure_contract_unsigned_legacy_with_no_funding_tx_and_no_onchain_input_is_not_yet
openswap wallet::api::legacy_recovery_tests::test_ensure_contract_unsigned_legacy_with_no_funding_tx_and_parent_in_mempool_is_not_yet
openswap wallet::api::legacy_recovery_tests::test_ensure_contract_unsigned_legacy_with_no_funding_tx_and_spent_parent_is_discarded
openswap wallet::api::legacy_recovery_tests::test_ensure_contract_unsigned_legacy_with_spent_wallet_inputs_is_discarded
openswap wallet::api::legacy_recovery_tests::test_ensure_contract_unsigned_legacy_with_unspent_wallet_inputs_and_shared_funding_is_not_yet
openswap wallet::api::legacy_recovery_tests::test_ensure_contract_unsigned_legacy_with_unspent_wallet_inputs_and_unshared_funding_is_discarded
openswap wallet::api::mempool_deferral_tests::mempool_contract_is_swept_on_a_later_pass
openswap wallet::api::mempool_deferral_tests::mempool_incoming_holds_the_matured_refund
openswap wallet::api::prevout_contract_tests::cached_contract_is_idempotent_immutable_and_persistent
openswap wallet::api::prevout_contract_tests::cached_contract_matches_only_the_approved_script
openswap wallet::api::prevout_contract_tests::new_mnemonic_is_yielded_once_then_dropped
openswap wallet::api::prevout_contract_tests::proof_of_funding_rejects_missing_cached_contract
openswap wallet::api::recovery_address_tests::first_recovery_creates_an_address
openswap wallet::api::recovery_address_tests::retry_reuses_the_stored_recovery_address
openswap wallet::api::restore_history_probe_tests::interrupted_restore_finishes_before_wallet_is_loaded
openswap wallet::api::restore_history_probe_tests::restore_probe_bridges_a_long_run_of_emptied_addresses
openswap wallet::api::restore_history_probe_tests::sync_does_not_enter_the_backend_after_shutdown
openswap wallet::api::swap_reservation_tests::a_reservation_survives_a_wallet_reload
openswap wallet::api::swap_reservation_tests::only_a_spendable_coin_no_swap_holds_can_be_claimed
openswap wallet::api::timelock_reconcile_tests::core_classifies_our_confirmed_recovery_as_recovered
openswap wallet::api::timelock_reconcile_tests::electrum_classifies_our_confirmed_taproot_recovery_as_recovered
openswap wallet::api::timelock_reconcile_tests::electrum_keeps_a_contract_the_other_side_claimed
openswap wallet::api::timelock_reconcile_tests::electrum_records_our_confirmed_recovery_as_resolved
openswap wallet::api::timelock_reconcile_tests::electrum_skips_an_unconfirmed_spend_listed_first
openswap wallet::api::utxo_corroboration_tests::cached_utxo_refresh_preserves_transaction_value_and_script
openswap wallet::api::utxo_corroboration_tests::fabricated_utxo_fails_corroboration
openswap wallet::backup::tests::restore_rejects_traversal_in_backup_file_name
openswap wallet::blockchain::corerpc::tests::estimate_feerate_forwards_target_and_converts
openswap wallet::blockchain::electrum::tests::accumulated_total_above_max_money_errors
openswap wallet::blockchain::electrum::tests::calls_on_one_electrum_socket_are_serialized
openswap wallet::blockchain::electrum::tests::clearnet_default_has_no_proxy
openswap wallet::blockchain::electrum::tests::estimate_feerate_converts_btc_per_kvb_and_rejects_no_estimate
openswap wallet::blockchain::electrum::tests::mined_height_above_the_tip_errors
openswap wallet::blockchain::electrum::tests::onion_without_proxy_is_rejected_before_connecting
openswap wallet::blockchain::electrum::tests::only_the_unknown_txid_protocol_error_reads_as_absent
openswap wallet::blockchain::electrum::tests::ping_cadence_follows_proxy
openswap wallet::blockchain::electrum::tests::ping_cadence_override_wins
openswap wallet::blockchain::electrum::tests::proxy_does_not_require_an_onion_url
openswap wallet::blockchain::electrum::tests::read_timeout_is_generous_when_proxied
openswap wallet::blockchain::electrum::tests::recovery_feerates_stop_at_a_dead_link
openswap wallet::blockchain::electrum::tests::terminal_errors_are_not_retried
openswap wallet::blockchain::electrum::tests::unreachable_error_names_the_attempt_count
openswap wallet::blockchain::electrum::tests::unspent_height_minus_one_deserializes_as_unconfirmed
openswap wallet::blockchain::electrum::tests::unwatch_avoids_upstream_unsubscribe_and_allows_rewatch
openswap wallet::blockchain::electrum::tests::url_host_strips_scheme_and_port
openswap wallet::blockchain::tests::watcher_config_fails_fast_only_on_a_direct_link
openswap wallet::blockchain::tests::watcher_config_keeps_an_explicit_timeout
openswap wallet::ffi::tests::an_unset_rate_pays_exactly_the_relay_floor
openswap wallet::ffi::tests::the_floor_and_the_default_clear_the_rate_check
openswap wallet::ffi::tests::unusable_fee_rates_are_refused
openswap wallet::fidelity::test::a_forged_proof_is_named_as_forgery
openswap wallet::fidelity::test::a_stale_advertised_confirmation_height_still_verifies
openswap wallet::fidelity::test::test_fidelity_bond_value_function_behavior
openswap wallet::fidelity::test::test_fidelity_bond_values
openswap wallet::fidelity::test_fidleity_redeemscripts
openswap wallet::funding::tests::a_replan_pairs_each_split_with_a_declared_count_it_covers
openswap wallet::funding::tests::a_replan_spending_past_its_declared_counts_must_fit_the_swap_fee
openswap wallet::funding::tests::a_replan_without_spare_coins_in_the_split_pool_is_refused
openswap wallet::funding::tests::a_short_replanned_split_takes_the_smallest_spare_coin_of_its_pool
openswap wallet::funding::tests::contract_floor_covers_costliest_spend_and_dust
openswap wallet::funding::tests::degrades_to_one_split_when_splits_starve_each_other
openswap wallet::funding::tests::empty_when_pool_cannot_cover_total_and_fee
openswap wallet::funding::tests::falls_through_to_swap_pool_when_regular_plan_misses
openswap wallet::funding::tests::full_split_count_when_pool_allows
openswap wallet::funding::tests::greedy_fill_packs_three_inputs_within_budget
openswap wallet::funding::tests::guard_rejection_falls_through_to_the_swap_pool
openswap wallet::funding::tests::guard_rejection_in_both_pools_keeps_the_loss_error
openswap wallet::funding::tests::infeasible_input_counts_are_skipped_without_changing_the_plan
openswap wallet::funding::tests::insufficient_when_neither_pool_covers_the_plan
openswap wallet::funding::tests::manual_selection_caps_the_pool
openswap wallet::funding::tests::manual_selection_degrades_the_split_count
openswap wallet::funding::tests::over_budget_guard_weighs_the_spend_against_the_swap_fee
openswap wallet::funding::tests::padding_skips_a_spare_coin_worth_less_than_its_input_fee
openswap wallet::funding::tests::planner_is_deterministic
openswap wallet::funding::tests::policy_fee_netting_ignores_inputs_above_budget_in_price
openswap wallet::funding::tests::policy_fee_netting_prices_each_split_by_its_inputs
openswap wallet::funding::tests::policy_fee_netting_rejects_a_split_pushed_below_the_floor
openswap wallet::funding::tests::regular_pool_plans_first_when_it_covers
openswap wallet::funding::tests::smallest_covering_combo_keeps_later_splits_feasible
openswap wallet::funding::tests::split_floor_forces_fewer_splits
openswap wallet::funding::tests::stays_within_input_budget_when_possible
openswap wallet::report::tests::payswap_omits_taker_incoming_fields_and_round_trips
openswap wallet::report::tests::report_schema_uses_swap_boundary_utxos_without_contract_fields
openswap wallet::report::tests::taker_report_is_written_next_to_named_wallet
openswap wallet::storage::tests::encrypted_wallet_without_password_says_password_required
openswap wallet::storage::tests::reads_encrypted_wallet_when_password_is_supplied
openswap wallet::storage::tests::sealed_master_key_roundtrips
openswap wallet::storage::tests::sealed_master_key_survives_encrypted_store_roundtrip
openswap wallet::storage::tests::test_write_and_read_wallet_to_disk
openswap wallet::swapcoin::timelock_spend_tests::legacy_hashlock_claim_is_not_ours
openswap wallet::swapcoin::timelock_spend_tests::legacy_timelock_recovery_is_ours
openswap wallet::swapcoin::timelock_spend_tests::taproot_hashlock_claim_is_not_ours
openswap wallet::swapcoin::timelock_spend_tests::taproot_key_path_spend_is_not_ours
openswap wallet::swapcoin::timelock_spend_tests::taproot_timelock_recovery_is_ours
openswap wallet::swapcoin::timelock_spend_tests::timelock_witness_on_another_outpoint_is_not_ours
openswap watch_tower::nostr::tests::closing_the_relay_socket_stops_a_parked_read
openswap watch_tower::nostr::tests::duplicate_event_across_relays_skips_blockchain_and_advances_cursor
openswap watch_tower::nostr::tests::eose_message_returns_true
openswap watch_tower::nostr::tests::future_dated_event_never_moves_the_cursor
openswap watch_tower::nostr::tests::garbage_frame_is_skipped_not_fatal
openswap watch_tower::nostr::tests::shutdown_stops_discovery_without_waiting_for_a_silent_relay
openswap watch_tower::nostr::tests::tampered_event_is_rejected_before_claiming_txid
openswap watch_tower::nostr::tests::worker_handles_eose_and_exits_on_disconnect
openswap watch_tower::registry_storage::tests::test_fidelity_insert_and_remove
openswap watch_tower::registry_storage::tests::test_fidelity_rejects_invalid_address
openswap watch_tower::registry_storage::tests::test_nostr_cursor_only_moves_forward
openswap watch_tower::registry_storage::tests::test_register_watch_keeps_recorded_spend
openswap watch_tower::registry_storage::tests::test_watch_remove
openswap watch_tower::registry_storage::tests::test_watch_upsert_and_list
openswap watch_tower::service::tests::answered_request_returns_event_without_retry
openswap watch_tower::service::tests::dead_watcher_errors_without_retry
openswap watch_tower::service::tests::error_event_is_returned_as_error
openswap watch_tower::service::tests::liveness_is_cleared_on_error_and_panic
openswap watch_tower::service::tests::liveness_tracks_the_complete_thread_lifetime
openswap watch_tower::service::tests::rebuild_error_reply_keeps_liveness
openswap watch_tower::service::tests::rebuild_watches_returns_shutdown_without_reply
openswap watch_tower::service::tests::shutdown_flag_cuts_wait_short
openswap watch_tower::service::tests::slow_watcher_gets_one_request_and_can_reply_late
openswap watch_tower::utils::tests::test_confirmed_bond_spend_keeps_candidate_for_reconciliation
openswap watch_tower::utils::tests::test_confirmed_spend_replaces_a_mempool_spend
openswap watch_tower::utils::tests::test_confirmed_spend_survives_a_mempool_rival
openswap watch_tower::utils::tests::test_fidelity_event_requires_bond_vout_zero
openswap watch_tower::utils::tests::test_maker_address_validation
openswap watch_tower::utils::tests::test_process_block_requires_confirmation_height_for_discovery
openswap watch_tower::utils::tests::test_process_fidelity_invalid
openswap watch_tower::utils::tests::test_process_fidelity_uses_confirmation_height
openswap watch_tower::utils::tests::test_process_fidelity_valid
openswap watch_tower::utils::tests::test_process_transaction_in_block_false
openswap watch_tower::utils::tests::test_seentxid_insert
openswap watch_tower::watcher::tests::block_heights_are_published_until_nothing_is_watched
openswap watch_tower::watcher::tests::core_height_failure_queues_and_retries_block_discovery
openswap watch_tower::watcher::tests::core_retry_removes_block_orphaned_by_reorg
openswap watch_tower::watcher::tests::successful_core_retry_processes_and_removes_pending_block
openswap::integration cli::maker::rpc_server
openswap::integration cli::taker::taker_cli_shows_maker_states
openswap::integration cli::taker::wallet_commands
openswap::integration fidelity::creation::bond_creation_and_redemption
openswap::integration fidelity::renewal::bond_auto_renewal
openswap::integration fidelity::restart::evicted_bond_rebroadcast_on_restart
openswap::integration fidelity::restart::evicted_bond_rebroadcast_on_restart_electrum
openswap::integration fidelity::restart::live_bond_is_advertised_while_another_is_pending
openswap::integration fidelity::restart::unconfirmed_bond_not_duplicated
openswap::integration fidelity::restart::unconfirmed_bond_not_duplicated_electrum
openswap::integration fidelity::spending::bond_spending
openswap::integration fidelity::spending::mempool_only_spend_reads_as_spent
openswap::integration fidelity::timelock_violation::fidelity_limit_violation
openswap::integration offerbook::restart::removal_survives_restart
openswap::integration offerbook::sync_race::repeated_manual_sync_is_bounded
openswap::integration recovery::contract_breach::breach_detected_after_watcher_exit
openswap::integration recovery::contract_breach::maker_broadcasts_contract
openswap::integration recovery::contract_breach::taker_broadcasts_contract_after_full_setup
openswap::integration recovery::contract_breach::taker_broadcasts_contract_before_handover
openswap::integration recovery::contract_breach::taker_broadcasts_contract_before_maker_funding
openswap::integration recovery::contract_breach::taker_holds_refund_for_late_first_maker
openswap::integration recovery::contract_breach::taker_refunds_dangling_outgoing
openswap::integration recovery::contract_breach::taker_refunds_past_dead_middle_maker
openswap::integration recovery::contract_breach::taproot_maker_broadcasts_contract
openswap::integration recovery::contract_breach::tor_maker_broadcasts_contract
openswap::integration recovery::electrum::discards_only_on_confirmed_spend
openswap::integration recovery::electrum::legacy_taker_drops_after_funding
openswap::integration recovery::electrum::sweeps_after_breach
openswap::integration recovery::electrum::taproot_taker_drops_after_funding
openswap::integration recovery::electrum::tor_legacy_taker_drops_after_funding
openswap::integration recovery::electrum::tor_taproot_taker_drops_after_funding
openswap::integration recovery::legacy_hashlock::maker_drops_after_sweep
openswap::integration recovery::maker_abort::legacy_drop_at_contract_sigs_for_recvr
openswap::integration recovery::maker_abort::legacy_drop_at_contract_sigs_for_recvr_and_sender
openswap::integration recovery::maker_abort::legacy_drop_at_hash_preimage
openswap::integration recovery::maker_abort::legacy_drop_at_proof_of_funding
openswap::integration recovery::maker_abort::taproot_drop_after_sweep
openswap::integration recovery::maker_abort::taproot_drop_at_contract_sigs_exchange
openswap::integration recovery::maker_abort::taproot_drop_at_private_key_handover
openswap::integration recovery::skip_funding::late_incoming_after_refund_is_never_swept
openswap::integration recovery::skip_funding::legacy_timelock_only_recovery
openswap::integration recovery::skip_funding::taproot_timelock_only_recovery
openswap::integration recovery::skip_funding::taproot_timelock_only_recovery_electrum
openswap::integration recovery::skip_funding::withheld_legacy_funding_bans_only_its_own_maker
openswap::integration recovery::skip_funding::withheld_taproot_funding_bans_only_its_own_maker
openswap::integration recovery::skip_funding::withheld_taproot_funding_bans_only_its_own_maker_electrum
openswap::integration recovery::taker_abort::legacy_drop_after_funding
openswap::integration recovery::taker_abort::maker_recovers_swap_past_refund_deadline
openswap::integration recovery::taker_abort::taproot_drop_after_full_setup
openswap::integration recovery::taker_abort::taproot_drop_after_makers_contract_response
openswap::integration recovery::taker_abort::taproot_drop_at_ack_response
openswap::integration recovery::taker_abort::taproot_drop_at_senders_contract
openswap::integration rejection::admission::admission_reserves_no_liquidity
openswap::integration rejection::admission::low_swap_liquidity
openswap::integration rejection::admission::maker_degrades_split_count_when_netting_breaks_the_floor
openswap::integration rejection::admission::maker_rejects_forged_swap_details_at_admission
openswap::integration rejection::admission::maker_rejects_forged_swap_details_at_admission_electrum
openswap::integration rejection::admission::maker_rejects_out_of_bounds_swap_details
openswap::integration rejection::admission::maker_rejects_taproot_contract_below_floor
openswap::integration rejection::admission::maker_rejects_underdelivered_taproot_amount
openswap::integration rejection::admission::maker_rejects_wrong_taproot_incoming_count
openswap::integration rejection::admission::one_utxo_taker_completes_degraded_swap
openswap::integration rejection::admission::readmission_with_a_new_shape_fails_before_funding
openswap::integration rejection::admission::swap_cap_rejects_before_planning
openswap::integration rejection::admission::taker_rejects_out_of_bounds_params_at_prepare
openswap::integration rejection::bans::an_unpriceable_offer_sidelines_without_banning
openswap::integration rejection::bans::wrong_handover_key_bans_the_last_maker
openswap::integration rejection::bans::wrong_hashlock_key_bans_its_builder
openswap::integration rejection::bans::wrong_key_sender_signatures_ban_their_signer
openswap::integration rejection::blocklist::legacy_populated_blocklist_is_ignored_when_disabled
openswap::integration rejection::blocklist::maker_rejects_legacy_funding_from_blocked_address
openswap::integration rejection::blocklist::maker_rejects_taproot_funding_from_blocked_address
openswap::integration rejection::blocklist::taker_rejects_legacy_funding_from_blocked_address
openswap::integration rejection::blocklist::taker_rejects_taproot_funding_from_blocked_address
openswap::integration rejection::blocklist::taproot_populated_blocklist_is_ignored_when_disabled
openswap::integration rejection::contract_response::legacy_handed_out_funding_cannot_be_broadcast
openswap::integration rejection::contract_response::legacy_rejects_overreported_funding_inputs
openswap::integration rejection::contract_response::legacy_replan_with_extra_inputs_completes
openswap::integration rejection::contract_response::legacy_taker_rejects_fee_skimming_maker
openswap::integration rejection::contract_response::legacy_taker_rejects_malformed_maker_funding_output
openswap::integration rejection::contract_response::taker_rejects_duplicated_legacy_contract_outpoint
openswap::integration rejection::contract_response::taker_rejects_duplicated_taproot_contract_outpoint
openswap::integration rejection::contract_response::taker_rejects_inflated_taproot_contract_amount
openswap::integration rejection::contract_response::taker_rejects_overproduced_legacy_contracts
openswap::integration rejection::contract_response::taker_rejects_overproduced_taproot_contracts
openswap::integration rejection::contract_response::taproot_rejects_fee_skimming_maker
openswap::integration rejection::contract_response::taproot_rejects_overreported_funding_inputs
openswap::integration rejection::contract_response::taproot_rejects_underfunded_maker_contract
openswap::integration rejection::fees::legacy_bans_funding_fee_underpayment
openswap::integration rejection::fees::legacy_bans_funding_fee_underpayment_electrum
openswap::integration rejection::fees::maker_rejects_over_budget_funding_plan
openswap::integration rejection::fees::maker_without_fee_headroom_fails_before_any_broadcast
openswap::integration rejection::fees::taproot_bans_funding_fee_underpayment
openswap::integration rejection::fees::taproot_bans_funding_fee_underpayment_electrum
openswap::integration rejection::funding_proof::maker_errors_when_seen_funding_tx_is_evicted
openswap::integration rejection::funding_proof::maker_rejects_duplicated_funding_outpoint
openswap::integration rejection::funding_proof::maker_rejects_legacy_funding_output_below_floor
openswap::integration rejection::funding_proof::maker_rejects_overcounted_proof_of_funding
openswap::integration rejection::funding_proof::maker_rejects_overstated_proof_of_funding
openswap::integration rejection::funding_proof::maker_rejects_proof_of_funding_with_missing_contract_cache
openswap::integration rejection::funding_proof::maker_rejects_spent_funding_outpoint
openswap::integration rejection::funding_proof::maker_rejects_spent_funding_outpoint_mempool
openswap::integration rejection::funding_proof::maker_rejects_underdelivered_legacy_amount
openswap::integration rejection::funding_proof::makers_reject_duplicate_funding_outpoints
openswap::integration rejection::funding_proof::taproot_maker_rejects_contract_amount_mismatch
openswap::integration rejection::keepalive::completed_swap_state_is_restored_after_a_failed_sweep
openswap::integration rejection::keepalive::keepalive_naming_unseen_funding_is_refused
openswap::integration rejection::keepalive::keepalive_with_mempool_funding_still_refreshes
openswap::integration rejection::keepalive::slow_taker_is_readmitted_before_funding
openswap::integration rejection::partial_broadcast::maker_recovers_partial_broadcast_electrum
openswap::integration rejection::partial_broadcast::maker_recovers_partial_broadcast_legacy
openswap::integration rejection::partial_broadcast::maker_recovers_partial_broadcast_taproot
openswap::integration rejection::partial_broadcast::maker_refuses_unfinished_swap_id_after_restart
openswap::integration rejection::partial_broadcast::maker_reprocesses_own_contracts_after_partial_broadcast
openswap::integration rejection::partial_broadcast::taker_recovers_partial_broadcast_with_spare_maker
openswap::integration rejection::partial_broadcast::taker_recovers_partial_broadcast_with_spare_maker_electrum
openswap::integration rejection::replay::maker_rejects_concurrent_replayed_legacy_proof_of_funding
openswap::integration rejection::replay::maker_rejects_concurrent_replayed_taproot_contract_data
openswap::integration rejection::replay::maker_rejects_replayed_legacy_contract_data
openswap::integration rejection::replay::maker_rejects_replayed_legacy_contract_data_electrum
openswap::integration rejection::replay::maker_rejects_replayed_taproot_contract_data
openswap::integration rejection::replay::maker_rejects_replayed_taproot_contract_data_electrum
openswap::integration rejection::replay::maker_rejects_replayed_taproot_contract_data_in_flight
openswap::integration rejection::replay::maker_rejects_replayed_taproot_contract_data_in_flight_electrum
openswap::integration restart::legacy_reboot::maker_reboot_preserves_funded_swapcoins
openswap::integration restart::reboot::legacy_electrum_crash_after_contract_exchange
openswap::integration restart::reboot::legacy_electrum_restart_rebuilds_watches
openswap::integration restart::reboot::orphan_reservation_is_released_on_restart
openswap::integration restart::reboot::reservations_survive_a_maker_restart
openswap::integration restart::reboot::reservations_survive_a_maker_restart_electrum
openswap::integration restart::reboot::taproot_crash_after_contract_exchange
openswap::integration restart::reboot::taproot_maker_finishes_when_its_incoming_was_refunded
openswap::integration restart::reboot::taproot_maker_reboot_preserves_funded_swapcoins
openswap::integration restart::reboot::taproot_restart_rebuilds_watches
openswap::integration restart::successful_swap::restart_removes_spent_outgoing_swapcoins_legacy
openswap::integration restart::successful_swap::restart_removes_spent_outgoing_swapcoins_taproot
openswap::integration restart::successful_swap::restart_sweeps_handed_over_incoming_swapcoins
openswap::integration restart::successful_swap::successful_legacy_swap_stays_complete_after_maker_restart
openswap::integration restart::successful_swap::successful_taproot_swap_stays_complete_after_maker_restart
openswap::integration restart::taker_restart::legacy_recovers_after_restart
openswap::integration restart::taker_restart::taproot_recovers_after_restart
openswap::integration restart::watchtower_liveness::funded_legacy_maker_reaches_timelock_recovery_without_watcher
openswap::integration restart::watchtower_liveness::funded_maker_restarts_recovery_only_without_watcher
openswap::integration restart::watchtower_liveness::maker_rejects_new_swaps_after_watcher_exit
openswap::integration restart::watchtower_liveness::taker_refuses_swap_before_funding_after_watcher_exit
openswap::integration swap::concurrent_takers::funding_conflict_replans_onto_free_coins
openswap::integration swap::concurrent_takers::funding_race_has_one_winner
openswap::integration swap::concurrent_takers::legacy_limited_liquidity
openswap::integration swap::concurrent_takers::taproot_limited_liquidity
openswap::integration swap::electrum::legacy_swap_completes
openswap::integration swap::electrum::taproot_swap_completes
openswap::integration swap::finalization::legacy_last_maker_survives_finalization_idle_window
openswap::integration swap::finalization::taproot_last_maker_survives_finalization_idle_window
openswap::integration swap::mixed_protocol::legacy_and_taproot_swaps_run_together
openswap::integration swap::multi_confirm::legacy_confirmation_wait_exceeds_admission_deadline
openswap::integration swap::multi_confirm::legacy_multi_confirm_swap
openswap::integration swap::multi_confirm::taproot_confirmation_wait_exceeds_admission_deadline
openswap::integration swap::multi_confirm::taproot_multi_confirm_swap
openswap::integration swap::multi_maker::taproot_four_maker_swap_completes
openswap::integration swap::multi_taker::legacy_sequential_swaps
openswap::integration swap::multi_taker::taproot_sequential_swaps
openswap::integration swap::payswap::dust_floor_rejects_before_funding
openswap::integration swap::payswap::legacy_exact_payment
openswap::integration swap::payswap::negotiation_guards_abort_before_funding
openswap::integration swap::payswap::taproot_exact_payment
openswap::integration swap::spare_maker::legacy_first_maker_drops_before_sender_sigs
openswap::integration swap::spare_maker::legacy_middle_maker_drops_before_sender_sigs
openswap::integration swap::spare_maker::rebuild_after_replan_uses_the_claimed_coins
openswap::integration swap::spare_maker::taproot_middle_maker_drops_after_ack
openswap::integration swap::spare_pricing::heterogeneous_substitution_aborts_without_cascade
openswap::integration swap::spare_pricing::last_hop_equal_priced_spare_completes
openswap::integration swap::spare_pricing::last_hop_expensive_spare_aborts_instead_of_repricing
openswap::integration swap::standard::legacy_swap_at_custom_feerate
openswap::integration swap::standard::legacy_two_maker_swap_completes
openswap::integration swap::standard::taproot_swap_at_custom_feerate
openswap::integration swap::standard::taproot_swap_survives_unconfirmed_confirmation_wait
openswap::integration swap::taproot::taproot_two_maker_swap_completes
openswap::integration swap::too_few_makers::taproot_swap_fails_before_funding
openswap::integration test_framework::expect::tests::a_later_row_overrides_only_what_it_sets
openswap::integration test_framework::expect::tests::a_list_must_cover_every_wallet
openswap::integration test_framework::expect::tests::columns_give_one_value_per_wallet_or_skip
openswap::integration test_framework::expect::tests::every_wrong_field_is_reported_and_unset_ones_are_not
openswap::integration test_framework::expect::tests::loss_and_gain_are_signed
openswap::integration test_framework::expect::tests::loss_without_a_snapshot_is_refused
openswap::integration test_framework::logs::tests::each_fixture_gets_its_own_log
openswap::integration wallet::backup::encwallet_encbackup_encrestore
openswap::integration wallet::backup::encwallet_encbackup_encrestore_electrum
openswap::integration wallet::broadcast_idempotency::rebroadcast_mined_bitcoind
openswap::integration wallet::broadcast_idempotency::rebroadcast_mined_electrum
openswap::integration wallet::broadcast_idempotency::rebroadcast_unmined_bitcoind
openswap::integration wallet::broadcast_idempotency::rebroadcast_unmined_electrum
openswap::integration wallet::electrum_transport::a_refused_subscribe_still_answers_the_sync
openswap::integration wallet::electrum_transport::a_shared_script_stays_subscribed_until_the_last_watcher_goes
openswap::integration wallet::electrum_transport::a_sync_asks_only_about_changed_scripts
openswap::integration wallet::electrum_transport::an_idle_watcher_sends_nothing
openswap::integration wallet::electrum_transport::confirmed_spend_requires_an_input_consuming_the_outpoint
openswap::integration wallet::electrum_transport::connect_gives_up_with_unreachable
openswap::integration wallet::electrum_transport::connect_retries_until_the_server_answers
openswap::integration wallet::electrum_transport::held_connection_is_reused_across_calls
openswap::integration wallet::electrum_transport::reconnects_after_the_connection_drops
openswap::integration wallet::electrum_transport::shutdown_interrupts_an_active_retry_and_allows_join
openswap::integration wallet::electrum_transport::unreachable_server_reports_exhausted_attempts
openswap::integration wallet::list_transactions::lists_funding_transactions
openswap::integration wallet::utxo_behavior::address_grouping_behavior
openswap::integration wallet::utxo_behavior::legacy_swap_completes_with_degraded_splits
openswap::integration wallet::utxo_behavior::manual_coinselection
openswap::integration wallet::utxo_behavior::separated_utxo_coin_selection
openswap::integration wallet::utxo_behavior::taproot_swap_completes_with_degraded_splits
